>>> add_integer = __import__('0-add_integer').add_integer

>>> add_integer(1, 2)
3

>>> add_integer(100, -2)
98

>>> add_integer(1.5, 2)
3

>>> add_integer(1, 2.5)
3

>>> add_integer("1", 2)
Traceback (most recent call last):
TypeError: a must be an integer

>>> add_integer(1, "2")
Traceback (most recent call last):
TypeError: b must be an integer

>>> add_integer(None)
Traceback (most recent call last):
TypeError: a must be an integer

>>> add_integer(1e308, 1)
100000000000000001097906362944045541740492309677311846336810682903157585404911491537163328978494688899061249669721172515611590283743140088328307009198146046031271664502933027185697489699588559043338384466165001178426897626212945177628091195786707458122783970171784415105291802893207873272974885715430223118336
